// Jest Snapshot v1, https://goo.gl/fbAQLP

exports[`About component renders correctly without crashing 1`] = `
<div>
  <h1>
    About Us
  </h1>
  <p>
    The future of gryt-focus
  </p>
</div>
`;
